2025-07-05 15:19:09,452 - httpx - INFO - HTTP Request: GET https://api.gradio.app/pkg-version "HTTP/1.1 200 OK"
2025-07-05 15:19:10,913 - httpx - INFO - HTTP Request: GET http://localhost:7860/gradio_api/startup-events "HTTP/1.1 200 OK"
2025-07-05 15:19:13,352 - httpx - INFO - HTTP Request: HEAD http://localhost:7860/ "HTTP/1.1 200 OK"
2025-07-05 15:20:18,901 - httpx - INFO - HTTP Request: GET https://api.gradio.app/pkg-version "HTTP/1.1 200 OK"
2025-07-05 15:20:20,439 - httpx - INFO - HTTP Request: GET http://localhost:7860/gradio_api/startup-events "HTTP/1.1 200 OK"
2025-07-05 15:20:22,787 - httpx - INFO - HTTP Request: HEAD http://localhost:7860/ "HTTP/1.1 200 OK"
2025-07-05 15:20:23,603 - httpx - INFO - HTTP Request: GET https://api.gradio.app/v3/tunnel-request "HTTP/1.1 200 OK"
2025-07-05 15:24:46,368 - httpx - INFO - HTTP Request: GET https://api.gradio.app/pkg-version "HTTP/1.1 200 OK"
2025-07-05 15:24:47,792 - httpx - INFO - HTTP Request: GET http://localhost:7860/gradio_api/startup-events "HTTP/1.1 200 OK"
2025-07-05 15:24:49,824 - httpx - INFO - HTTP Request: HEAD http://localhost:7860/ "HTTP/1.1 200 OK"
2025-07-05 15:27:16,029 - root - INFO - 正在启动Gradio服务...
2025-07-05 15:27:16,685 - httpx - INFO - HTTP Request: GET https://api.gradio.app/pkg-version "HTTP/1.1 200 OK"
2025-07-05 15:27:18,187 - httpx - INFO - HTTP Request: GET http://localhost:7860/gradio_api/startup-events "HTTP/1.1 200 OK"
2025-07-05 15:27:20,305 - httpx - INFO - HTTP Request: HEAD http://localhost:7860/ "HTTP/1.1 200 OK"
2025-07-05 15:27:55,817 - root - INFO - 服务已在 http://0.0.0.0:7860 启动
2025-07-05 15:29:45,030 - root - INFO - 正在启动Gradio服务...
2025-07-05 15:29:45,706 - httpx - INFO - HTTP Request: GET https://api.gradio.app/pkg-version "HTTP/1.1 200 OK"
2025-07-05 15:29:47,207 - httpx - INFO - HTTP Request: GET http://localhost:7860/gradio_api/startup-events "HTTP/1.1 200 OK"
2025-07-05 15:29:49,302 - httpx - INFO - HTTP Request: HEAD http://localhost:7860/ "HTTP/1.1 200 OK"
2025-07-05 15:30:47,875 - root - INFO - 服务已在 http://0.0.0.0:7860 启动
2025-07-05 15:31:09,009 - root - INFO - 正在启动Gradio服务...
2025-07-05 15:31:09,696 - httpx - INFO - HTTP Request: GET https://api.gradio.app/pkg-version "HTTP/1.1 200 OK"
2025-07-05 15:31:11,151 - httpx - INFO - HTTP Request: GET http://localhost:7860/gradio_api/startup-events "HTTP/1.1 200 OK"
2025-07-05 15:31:13,233 - httpx - INFO - HTTP Request: HEAD http://localhost:7860/ "HTTP/1.1 200 OK"
2025-07-05 15:31:31,909 - travel_planner_gui - INFO - 生成计划: 北京, 5天, 兴趣: 文博, 预算: 舒适型
2025-07-05 15:31:33,945 - travel_planner_gui - INFO - 成功收到旅行计划
2025-07-05 15:34:30,465 - root - INFO - 服务已在 http://0.0.0.0:7860 启动
2025-07-05 15:34:33,934 - root - INFO - 正在启动Gradio服务...
2025-07-05 15:34:34,590 - httpx - INFO - HTTP Request: GET https://api.gradio.app/pkg-version "HTTP/1.1 200 OK"
2025-07-05 15:34:36,075 - httpx - INFO - HTTP Request: GET http://localhost:7860/gradio_api/startup-events "HTTP/1.1 200 OK"
2025-07-05 15:34:38,129 - httpx - INFO - HTTP Request: HEAD http://localhost:7860/ "HTTP/1.1 200 OK"
2025-07-05 15:34:44,561 - travel_planner_gui - INFO - 生成计划: 北京, 5天, 兴趣: 历史, 预算: 舒适型
2025-07-05 15:35:06,143 - travel_planner_gui - INFO - 成功收到旅行计划
2025-07-05 15:35:28,802 - root - INFO - 服务已在 http://0.0.0.0:7860 启动
2025-07-06 18:23:55,229 - root - INFO - 正在启动Gradio服务...
2025-07-06 18:23:55,939 - httpx - INFO - HTTP Request: GET https://api.gradio.app/pkg-version "HTTP/1.1 200 OK"
2025-07-06 18:23:57,413 - httpx - INFO - HTTP Request: GET http://localhost:7860/gradio_api/startup-events "HTTP/1.1 200 OK"
2025-07-06 18:23:59,464 - httpx - INFO - HTTP Request: HEAD http://localhost:7860/ "HTTP/1.1 200 OK"
2025-07-06 18:24:48,547 - travel_planner_gui - INFO - 生成计划: 北京, 5天, 兴趣: 美食, 预算: 舒适型
2025-07-06 18:25:14,207 - travel_planner_gui - INFO - 成功收到旅行计划
2025-07-06 18:27:10,716 - root - INFO - 服务已在 http://0.0.0.0:7860 启动
2025-07-06 18:34:40,099 - root - INFO - 正在启动Gradio服务...
2025-07-06 18:34:40,766 - httpx - INFO - HTTP Request: GET https://api.gradio.app/pkg-version "HTTP/1.1 200 OK"
2025-07-06 18:34:42,239 - httpx - INFO - HTTP Request: GET http://localhost:7860/gradio_api/startup-events "HTTP/1.1 200 OK"
2025-07-06 18:34:44,275 - httpx - INFO - HTTP Request: HEAD http://localhost:7860/ "HTTP/1.1 200 OK"
2025-07-06 18:34:54,838 - travel_planner_gui - INFO - 生成行李清单: , 5天, 季节: 夏季
2025-07-06 18:34:54,838 - travel_planner_gui - WARNING - 请填写目的地和季节
2025-07-06 18:35:08,630 - travel_planner_gui - INFO - 生成计划: 北京, 5天, 兴趣: 学校, 预算: 舒适型
2025-07-06 18:35:30,258 - travel_planner_gui - INFO - 成功收到旅行计划
2025-07-06 18:35:52,572 - travel_planner_gui - INFO - 生成行李清单: 北京, 5天, 季节: 夏季
2025-07-06 18:36:05,363 - travel_planner_gui - INFO - 成功收到行李清单
2025-07-06 18:36:42,463 - root - INFO - 服务已在 http://0.0.0.0:7860 启动
2025-07-06 19:04:54,816 - httpx - INFO - HTTP Request: GET https://api.gradio.app/pkg-version "HTTP/1.1 200 OK"
2025-07-06 19:08:28,324 - root - INFO - 正在启动Gradio服务...
2025-07-06 19:08:28,971 - httpx - INFO - HTTP Request: GET https://api.gradio.app/pkg-version "HTTP/1.1 200 OK"
2025-07-06 19:08:30,509 - httpx - INFO - HTTP Request: GET http://localhost:7860/gradio_api/startup-events "HTTP/1.1 200 OK"
2025-07-06 19:08:32,569 - httpx - INFO - HTTP Request: HEAD http://localhost:7860/ "HTTP/1.1 200 OK"
2025-07-06 19:08:59,810 - root - INFO - 服务已在 http://0.0.0.0:7860 启动
2025-07-07 10:40:54,587 - root - INFO - 正在启动Gradio服务...
2025-07-07 10:40:55,306 - httpx - INFO - HTTP Request: GET https://api.gradio.app/pkg-version "HTTP/1.1 200 OK"
2025-07-07 10:40:56,815 - httpx - INFO - HTTP Request: GET http://localhost:7860/gradio_api/startup-events "HTTP/1.1 200 OK"
2025-07-07 10:40:59,092 - httpx - INFO - HTTP Request: HEAD http://localhost:7860/ "HTTP/1.1 200 OK"
2025-07-07 10:41:12,758 - travel_planner_gui - INFO - 生成计划: 北京, 5天, 兴趣: 学校, 预算: 舒适型, 出发日期: 2025-07-07
2025-07-07 10:41:14,848 - travel_planner_gui - ERROR - API错误: 500 - {"detail":"旅行计划生成失败"}
2025-07-07 10:46:05,809 - travel_planner_gui - INFO - 生成计划: 北京, 5天, 兴趣: 学校, 预算: 舒适型, 出发日期: 2025-07-07
2025-07-07 10:46:07,861 - travel_planner_gui - ERROR - API错误: 500 - {"detail":"旅行计划生成失败"}
2025-07-07 10:53:48,253 - root - INFO - 服务已在 http://0.0.0.0:7860 启动
2025-07-07 10:53:52,719 - root - INFO - 正在启动Gradio服务...
2025-07-07 10:53:53,440 - httpx - INFO - HTTP Request: GET https://api.gradio.app/pkg-version "HTTP/1.1 200 OK"
2025-07-07 10:53:54,940 - httpx - INFO - HTTP Request: GET http://localhost:7860/gradio_api/startup-events "HTTP/1.1 200 OK"
2025-07-07 10:53:56,974 - httpx - INFO - HTTP Request: HEAD http://localhost:7860/ "HTTP/1.1 200 OK"
2025-07-07 10:54:03,000 - travel_planner_gui - INFO - 生成计划: 北京, 5天, 兴趣: 学校, 预算: 舒适型, 出发日期: 2025-07-07
2025-07-07 10:55:14,673 - travel_planner_gui - INFO - 成功收到旅行计划
2025-07-07 10:56:54,233 - travel_planner_gui - INFO - 生成行李清单: 北京, 5天, 出发日期: 2025-07-07
2025-07-07 10:57:09,461 - travel_planner_gui - INFO - 成功收到行李清单
2025-07-07 10:58:07,327 - root - INFO - 服务已在 http://0.0.0.0:7860 启动
2025-07-07 10:59:02,795 - root - INFO - 正在启动Gradio服务...
2025-07-07 10:59:03,538 - httpx - INFO - HTTP Request: GET https://api.gradio.app/pkg-version "HTTP/1.1 200 OK"
2025-07-07 10:59:05,127 - httpx - INFO - HTTP Request: GET http://localhost:7860/gradio_api/startup-events "HTTP/1.1 200 OK"
2025-07-07 10:59:07,168 - httpx - INFO - HTTP Request: HEAD http://localhost:7860/ "HTTP/1.1 200 OK"
2025-07-07 10:59:12,732 - travel_planner_gui - INFO - 生成计划: 北京, 5天, 兴趣: 学校, 预算: 舒适型, 出发日期: 2025-07-07
2025-07-07 11:00:21,982 - travel_planner_gui - INFO - 成功收到旅行计划
2025-07-07 11:00:51,546 - root - INFO - 服务已在 http://0.0.0.0:7860 启动
2025-07-07 15:41:50,682 - root - INFO - 正在启动Gradio服务...
2025-07-07 15:41:51,385 - httpx - INFO - HTTP Request: GET https://api.gradio.app/pkg-version "HTTP/1.1 200 OK"
2025-07-07 15:41:52,867 - httpx - INFO - HTTP Request: GET http://localhost:7860/gradio_api/startup-events "HTTP/1.1 200 OK"
2025-07-07 15:41:54,925 - httpx - INFO - HTTP Request: HEAD http://localhost:7860/ "HTTP/1.1 200 OK"
2025-07-07 15:42:17,587 - root - INFO - 服务已在 http://0.0.0.0:7860 启动
2025-07-07 16:02:13,104 - root - INFO - 正在启动Gradio服务...
2025-07-07 16:02:13,724 - httpx - INFO - HTTP Request: GET https://api.gradio.app/pkg-version "HTTP/1.1 200 OK"
2025-07-07 16:02:15,300 - httpx - INFO - HTTP Request: GET http://localhost:7860/gradio_api/startup-events "HTTP/1.1 200 OK"
2025-07-07 16:02:17,351 - httpx - INFO - HTTP Request: HEAD http://localhost:7860/ "HTTP/1.1 200 OK"
2025-07-07 16:02:29,639 - travel_planner_gui - INFO - 生成计划: 北京, 5天, 兴趣: 学校, 预算: 舒适型, 出发日期: 2025-07-07
2025-07-07 16:02:29,639 - travel_planner_gui - INFO - 景点搜索: 启用, 数量: 5
2025-07-07 16:03:53,348 - travel_planner_gui - INFO - 成功收到旅行计划
2025-07-07 16:08:30,475 - root - INFO - 服务已在 http://0.0.0.0:7860 启动
2025-07-07 16:09:30,367 - root - INFO - 正在启动Gradio服务...
2025-07-07 16:09:31,020 - httpx - INFO - HTTP Request: GET https://api.gradio.app/pkg-version "HTTP/1.1 200 OK"
2025-07-07 16:09:32,574 - httpx - INFO - HTTP Request: GET http://localhost:7860/gradio_api/startup-events "HTTP/1.1 200 OK"
2025-07-07 16:09:34,608 - httpx - INFO - HTTP Request: HEAD http://localhost:7860/ "HTTP/1.1 200 OK"
2025-07-07 16:09:43,310 - travel_planner_gui - INFO - 生成计划: 北京, 5天, 兴趣: 学校, 预算: 舒适型, 出发日期: 2025-07-07
2025-07-07 16:09:43,312 - travel_planner_gui - INFO - 景点搜索: 启用, 数量: 5
2025-07-07 16:10:56,115 - travel_planner_gui - INFO - 成功收到旅行计划
2025-07-07 16:11:31,354 - root - INFO - 服务已在 http://0.0.0.0:7860 启动
2025-07-09 00:16:04,645 - root - INFO - 正在启动Gradio服务...
2025-07-09 00:16:05,549 - httpx - INFO - HTTP Request: GET https://api.gradio.app/pkg-version "HTTP/1.1 200 OK"
2025-07-09 00:16:06,880 - httpx - INFO - HTTP Request: GET http://localhost:7860/gradio_api/startup-events "HTTP/1.1 200 OK"
2025-07-09 00:16:08,913 - httpx - INFO - HTTP Request: HEAD http://localhost:7860/ "HTTP/1.1 200 OK"
2025-07-09 00:16:24,798 - travel_planner_gui - INFO - 生成计划: 北京, 5天, 兴趣: 美食, 预算: 舒适型, 出发日期: 2025-07-09
2025-07-09 00:16:24,802 - travel_planner_gui - INFO - 景点搜索: 启用, 数量: 5
2025-07-09 00:18:26,835 - travel_planner_gui - ERROR - 请求失败: HTTPConnectionPool(host='localhost', port=8000): Read timed out. (read timeout=120)
Traceback (most recent call last):
  File "C:\Users\dell\PycharmProjects\pythonProject\venv\lib\site-packages\urllib3\connectionpool.py", line 468, in _make_request
    six.raise_from(e, None)
  File "<string>", line 3, in raise_from
  File "C:\Users\dell\PycharmProjects\pythonProject\venv\lib\site-packages\urllib3\connectionpool.py", line 463, in _make_request
    httplib_response = conn.getresponse()
  File "C:\Users\dell\AppData\Local\Programs\Python\Python310\lib\http\client.py", line 1374, in getresponse
    response.begin()
  File "C:\Users\dell\AppData\Local\Programs\Python\Python310\lib\http\client.py", line 318, in begin
    version, status, reason = self._read_status()
  File "C:\Users\dell\AppData\Local\Programs\Python\Python310\lib\http\client.py", line 279, in _read_status
    line = str(self.fp.readline(_MAXLINE + 1), "iso-8859-1")
  File "C:\Users\dell\AppData\Local\Programs\Python\Python310\lib\socket.py", line 705, in readinto
    return self._sock.recv_into(b)
TimeoutError: timed out

During handling of the above exception, another exception occurred:

Traceback (most recent call last):
  File "C:\Users\dell\PycharmProjects\pythonProject\venv\lib\site-packages\requests\adapters.py", line 486, in send
    resp = conn.urlopen(
  File "C:\Users\dell\PycharmProjects\pythonProject\venv\lib\site-packages\urllib3\connectionpool.py", line 802, in urlopen
    retries = retries.increment(
  File "C:\Users\dell\PycharmProjects\pythonProject\venv\lib\site-packages\urllib3\util\retry.py", line 552, in increment
    raise six.reraise(type(error), error, _stacktrace)
  File "C:\Users\dell\PycharmProjects\pythonProject\venv\lib\site-packages\urllib3\packages\six.py", line 770, in reraise
    raise value
  File "C:\Users\dell\PycharmProjects\pythonProject\venv\lib\site-packages\urllib3\connectionpool.py", line 716, in urlopen
    httplib_response = self._make_request(
  File "C:\Users\dell\PycharmProjects\pythonProject\venv\lib\site-packages\urllib3\connectionpool.py", line 470, in _make_request
    self._raise_timeout(err=e, url=url, timeout_value=read_timeout)
  File "C:\Users\dell\PycharmProjects\pythonProject\venv\lib\site-packages\urllib3\connectionpool.py", line 358, in _raise_timeout
    raise ReadTimeoutError(
urllib3.exceptions.ReadTimeoutError: HTTPConnectionPool(host='localhost', port=8000): Read timed out. (read timeout=120)

During handling of the above exception, another exception occurred:

Traceback (most recent call last):
  File "C:\Users\dell\PycharmProjects\pythonProject\ai_project02\GUI\gradio_gui.py", line 53, in generate_travel_plan
    response = requests.post(
  File "C:\Users\dell\PycharmProjects\pythonProject\venv\lib\site-packages\requests\api.py", line 115, in post
    return request("post", url, data=data, json=json, **kwargs)
  File "C:\Users\dell\PycharmProjects\pythonProject\venv\lib\site-packages\requests\api.py", line 59, in request
    return session.request(method=method, url=url, **kwargs)
  File "C:\Users\dell\PycharmProjects\pythonProject\venv\lib\site-packages\requests\sessions.py", line 589, in request
    resp = self.send(prep, **send_kwargs)
  File "C:\Users\dell\PycharmProjects\pythonProject\venv\lib\site-packages\requests\sessions.py", line 703, in send
    r = adapter.send(request, **kwargs)
  File "C:\Users\dell\PycharmProjects\pythonProject\venv\lib\site-packages\requests\adapters.py", line 532, in send
    raise ReadTimeout(e, request=request)
requests.exceptions.ReadTimeout: HTTPConnectionPool(host='localhost', port=8000): Read timed out. (read timeout=120)
2025-07-09 00:19:13,074 - root - INFO - 服务已在 http://0.0.0.0:7860 启动
2025-07-09 00:24:52,409 - root - INFO - 正在启动Gradio服务...
2025-07-09 00:24:53,111 - httpx - INFO - HTTP Request: GET https://api.gradio.app/pkg-version "HTTP/1.1 200 OK"
2025-07-09 00:24:54,623 - httpx - INFO - HTTP Request: GET http://localhost:7860/gradio_api/startup-events "HTTP/1.1 200 OK"
2025-07-09 00:24:56,680 - httpx - INFO - HTTP Request: HEAD http://localhost:7860/ "HTTP/1.1 200 OK"
2025-07-09 00:25:03,756 - travel_planner_gui - INFO - 生成计划: 北京, 5天, 兴趣: 美食, 预算: 舒适型, 出发日期: 2025-07-09
2025-07-09 00:25:03,756 - travel_planner_gui - INFO - 景点搜索: 启用, 数量: 5
2025-07-09 00:26:16,804 - travel_planner_gui - INFO - 成功收到旅行计划
2025-07-09 00:27:16,219 - root - INFO - 服务已在 http://0.0.0.0:7860 启动
2025-07-09 00:27:23,396 - root - INFO - 正在启动Gradio服务...
2025-07-09 00:27:24,083 - httpx - INFO - HTTP Request: GET https://api.gradio.app/pkg-version "HTTP/1.1 200 OK"
2025-07-09 00:27:25,645 - httpx - INFO - HTTP Request: GET http://localhost:7860/gradio_api/startup-events "HTTP/1.1 200 OK"
2025-07-09 00:27:27,686 - httpx - INFO - HTTP Request: HEAD http://localhost:7860/ "HTTP/1.1 200 OK"
2025-07-09 08:03:09,744 - root - INFO - 服务已在 http://0.0.0.0:7860 启动
2025-07-09 15:11:18,725 - root - INFO - 正在启动Gradio服务...
2025-07-09 15:11:19,286 - httpx - INFO - HTTP Request: GET https://api.gradio.app/pkg-version "HTTP/1.1 200 OK"
2025-07-09 15:11:21,043 - httpx - INFO - HTTP Request: GET http://localhost:7860/gradio_api/startup-events "HTTP/1.1 200 OK"
2025-07-09 15:11:23,096 - httpx - INFO - HTTP Request: HEAD http://localhost:7860/ "HTTP/1.1 200 OK"
2025-07-09 15:32:31,502 - root - INFO - 服务已在 http://0.0.0.0:7860 启动
2025-07-09 15:32:38,182 - root - INFO - 正在启动Gradio服务...
2025-07-09 15:32:38,746 - httpx - INFO - HTTP Request: GET https://api.gradio.app/pkg-version "HTTP/1.1 200 OK"
2025-07-09 15:32:40,554 - httpx - INFO - HTTP Request: GET http://localhost:7860/gradio_api/startup-events "HTTP/1.1 200 OK"
2025-07-09 15:32:42,620 - httpx - INFO - HTTP Request: HEAD http://localhost:7860/ "HTTP/1.1 200 OK"
2025-07-09 15:32:52,290 - travel_planner_gui - INFO - 生成计划: , 2天, 兴趣: , 预算: 舒适型, 出发日期: 2025-07-09
2025-07-09 15:32:52,293 - travel_planner_gui - INFO - 景点搜索: 禁用, 数量: 5
2025-07-09 15:33:46,081 - travel_planner_gui - INFO - 成功收到旅行计划
2025-07-09 15:33:46,107 - travel_planner_gui - INFO - 生成计划: 北京, 2天, 兴趣: 美食, 预算: 舒适型, 出发日期: 2025-07-09
2025-07-09 15:33:46,108 - travel_planner_gui - INFO - 景点搜索: 禁用, 数量: 5
2025-07-09 15:34:56,097 - travel_planner_gui - INFO - 成功收到旅行计划
2025-07-09 15:35:44,266 - root - INFO - 服务已在 http://0.0.0.0:7860 启动
2025-07-09 15:41:16,725 - root - INFO - 正在启动Gradio服务...
2025-07-09 15:41:17,416 - httpx - INFO - HTTP Request: GET https://api.gradio.app/pkg-version "HTTP/1.1 200 OK"
2025-07-09 15:41:19,068 - httpx - INFO - HTTP Request: GET http://localhost:7860/gradio_api/startup-events "HTTP/1.1 200 OK"
2025-07-09 15:41:21,127 - httpx - INFO - HTTP Request: HEAD http://localhost:7860/ "HTTP/1.1 200 OK"
2025-07-09 15:41:30,823 - travel_planner_gui - INFO - 生成计划: 北京, 1天, 兴趣: 美食, 预算: 舒适型, 出发日期: 2025-07-09
2025-07-09 15:41:30,824 - travel_planner_gui - INFO - 景点搜索: 禁用, 数量: 5
2025-07-09 15:42:48,454 - travel_planner_gui - INFO - 成功收到旅行计划
2025-07-09 15:53:03,305 - root - INFO - 服务已在 http://0.0.0.0:7860 启动
2025-07-09 15:56:22,787 - root - INFO - 正在启动Gradio服务...
2025-07-09 15:56:23,311 - httpx - INFO - HTTP Request: GET https://api.gradio.app/pkg-version "HTTP/1.1 200 OK"
2025-07-09 15:56:25,203 - httpx - INFO - HTTP Request: GET http://localhost:7860/gradio_api/startup-events "HTTP/1.1 200 OK"
2025-07-09 15:56:27,271 - httpx - INFO - HTTP Request: HEAD http://localhost:7860/ "HTTP/1.1 200 OK"
2025-07-09 16:02:52,675 - root - INFO - 服务已在 http://0.0.0.0:7860 启动
2025-07-09 16:05:08,083 - httpx - INFO - HTTP Request: GET https://api.gradio.app/pkg-version "HTTP/1.1 200 OK"
2025-07-09 16:05:31,922 - httpx - INFO - HTTP Request: GET https://api.gradio.app/pkg-version "HTTP/1.1 200 OK"
2025-07-09 16:05:58,886 - root - INFO - 正在启动Gradio服务...
2025-07-09 16:05:59,526 - httpx - INFO - HTTP Request: GET https://api.gradio.app/pkg-version "HTTP/1.1 200 OK"
2025-07-09 16:06:01,122 - httpx - INFO - HTTP Request: GET http://localhost:7860/gradio_api/startup-events "HTTP/1.1 200 OK"
2025-07-09 16:06:03,183 - httpx - INFO - HTTP Request: HEAD http://localhost:7860/ "HTTP/1.1 200 OK"
2025-07-09 16:06:16,898 - travel_planner_gui - INFO - 生成计划: 北京, 1天, 兴趣: 美食, 预算: 舒适型, 出发日期: 2025-07-09
2025-07-09 16:06:16,898 - travel_planner_gui - INFO - 景点搜索: 禁用, 数量: 5
2025-07-09 16:07:31,734 - travel_planner_gui - INFO - 成功收到旅行计划
2025-07-09 16:09:05,470 - root - INFO - 服务已在 http://0.0.0.0:7860 启动
2025-07-09 17:04:39,277 - root - INFO - 正在启动Gradio服务...
2025-07-09 17:04:39,972 - httpx - INFO - HTTP Request: GET https://api.gradio.app/pkg-version "HTTP/1.1 200 OK"
2025-07-09 17:04:41,410 - httpx - INFO - HTTP Request: GET http://localhost:7860/gradio_api/startup-events "HTTP/1.1 200 OK"
2025-07-09 17:04:43,463 - httpx - INFO - HTTP Request: HEAD http://localhost:7860/ "HTTP/1.1 200 OK"
2025-07-09 17:04:57,566 - travel_planner_gui - INFO - 生成计划: 北京, 1天, 兴趣: 美食, 预算: 舒适型, 出发日期: 2025-07-09
2025-07-09 17:04:57,567 - travel_planner_gui - INFO - 景点搜索: 禁用, 数量: 5
2025-07-09 17:05:58,475 - root - INFO - 服务已在 http://0.0.0.0:7860 启动
2025-07-09 17:06:26,826 - root - INFO - 正在启动Gradio服务...
2025-07-09 17:06:27,694 - httpx - INFO - HTTP Request: GET https://api.gradio.app/pkg-version "HTTP/1.1 200 OK"
2025-07-09 17:06:28,996 - httpx - INFO - HTTP Request: GET http://localhost:7860/gradio_api/startup-events "HTTP/1.1 200 OK"
2025-07-09 17:06:31,060 - httpx - INFO - HTTP Request: HEAD http://localhost:7860/ "HTTP/1.1 200 OK"
2025-07-09 17:06:47,771 - travel_planner_gui - INFO - 生成计划: 巴黎, 5天, 兴趣: 美食, 预算: 舒适型, 出发日期: 2025-07-09
2025-07-09 17:06:47,771 - travel_planner_gui - INFO - 景点搜索: 启用, 数量: 5
2025-07-09 17:09:33,813 - travel_planner_gui - INFO - 成功收到旅行计划
2025-07-09 17:10:36,362 - root - INFO - 服务已在 http://0.0.0.0:7860 启动
2025-07-10 14:27:32,340 - root - INFO - 正在启动Gradio服务...
2025-07-10 14:27:33,287 - httpx - INFO - HTTP Request: GET https://api.gradio.app/pkg-version "HTTP/1.1 200 OK"
2025-07-10 14:27:35,042 - httpx - INFO - HTTP Request: GET http://localhost:7860/gradio_api/startup-events "HTTP/1.1 200 OK"
2025-07-10 14:27:37,082 - httpx - INFO - HTTP Request: HEAD http://localhost:7860/ "HTTP/1.1 200 OK"
2025-07-10 14:27:51,422 - travel_planner_gui - INFO - 生成计划: 伦敦, 3天, 兴趣: , 预算: 舒适型, 出发日期: 2025-07-10
2025-07-10 14:27:51,424 - travel_planner_gui - INFO - 景点搜索: 启用, 数量: 7
2025-07-10 14:29:46,923 - travel_planner_gui - INFO - 成功收到旅行计划
2025-07-10 19:16:15,104 - root - INFO - 服务已在 http://0.0.0.0:7860 启动
2025-07-10 19:38:15,180 - root - INFO - 正在启动Gradio服务...
2025-07-10 19:38:16,439 - httpx - INFO - HTTP Request: GET https://api.gradio.app/pkg-version "HTTP/1.1 200 OK"
2025-07-10 19:38:17,889 - httpx - INFO - HTTP Request: GET http://localhost:7860/gradio_api/startup-events "HTTP/1.1 200 OK"
2025-07-10 19:38:19,934 - httpx - INFO - HTTP Request: HEAD http://localhost:7860/ "HTTP/1.1 200 OK"
2025-07-10 19:39:20,756 - travel_planner_gui - INFO - 生成计划: 厦门, 3天, 兴趣: , 预算: 舒适型, 出发日期: 2025-07-10
2025-07-10 19:39:20,757 - travel_planner_gui - INFO - 景点搜索: 启用, 数量: 7
2025-07-10 19:40:48,813 - travel_planner_gui - INFO - 成功收到旅行计划
2025-07-10 19:43:26,404 - travel_planner_gui - INFO - 生成计划: 巴黎, 5天, 兴趣: , 预算: 舒适型, 出发日期: 2025-07-10
2025-07-10 19:43:26,406 - travel_planner_gui - INFO - 景点搜索: 启用, 数量: 8
2025-07-10 19:45:40,866 - travel_planner_gui - INFO - 成功收到旅行计划
2025-07-10 20:35:46,320 - travel_planner_gui - INFO - 生成计划: 迪拜, 3天, 兴趣: , 预算: 豪华型, 出发日期: 2025-07-10
2025-07-10 20:35:46,320 - travel_planner_gui - INFO - 景点搜索: 启用, 数量: 8
2025-07-10 20:37:35,374 - travel_planner_gui - INFO - 成功收到旅行计划
2025-07-10 21:29:41,450 - travel_planner_gui - INFO - 生成计划: 迪拜, 3天, 兴趣: 我想住在帆船酒店, 预算: 豪华型, 出发日期: 2025-07-10
2025-07-10 21:29:41,450 - travel_planner_gui - INFO - 景点搜索: 启用, 数量: 8
2025-07-10 22:04:40,018 - travel_planner_gui - ERROR - 请求失败: HTTPConnectionPool(host='localhost', port=8000): Read timed out. (read timeout=240)
Traceback (most recent call last):
  File "D:\Anaconda\Lib\site-packages\urllib3\connectionpool.py", line 534, in _make_request
    response = conn.getresponse()
  File "D:\Anaconda\Lib\site-packages\urllib3\connection.py", line 516, in getresponse
    httplib_response = super().getresponse()
  File "D:\Anaconda\Lib\http\client.py", line 1430, in getresponse
    response.begin()
    ~~~~~~~~~~~~~~^^
  File "D:\Anaconda\Lib\http\client.py", line 331, in begin
    version, status, reason = self._read_status()
                              ~~~~~~~~~~~~~~~~~^^
  File "D:\Anaconda\Lib\http\client.py", line 292, in _read_status
    line = str(self.fp.readline(_MAXLINE + 1), "iso-8859-1")
               ~~~~~~~~~~~~~~~~^^^^^^^^^^^^^^
  File "D:\Anaconda\Lib\socket.py", line 719, in readinto
    return self._sock.recv_into(b)
           ~~~~~~~~~~~~~~~~~~~~^^^
TimeoutError: timed out

The above exception was the direct cause of the following exception:

Traceback (most recent call last):
  File "D:\Anaconda\Lib\site-packages\requests\adapters.py", line 667, in send
    resp = conn.urlopen(
        method=request.method,
    ...<9 lines>...
        chunked=chunked,
    )
  File "D:\Anaconda\Lib\site-packages\urllib3\connectionpool.py", line 841, in urlopen
    retries = retries.increment(
        method, url, error=new_e, _pool=self, _stacktrace=sys.exc_info()[2]
    )
  File "D:\Anaconda\Lib\site-packages\urllib3\util\retry.py", line 474, in increment
    raise reraise(type(error), error, _stacktrace)
          ~~~~~~~^^^^^^^^^^^^^^^^^^^^^^^^^^^^^^^^^
  File "D:\Anaconda\Lib\site-packages\urllib3\util\util.py", line 39, in reraise
    raise value
  File "D:\Anaconda\Lib\site-packages\urllib3\connectionpool.py", line 787, in urlopen
    response = self._make_request(
        conn,
    ...<10 lines>...
        **response_kw,
    )
  File "D:\Anaconda\Lib\site-packages\urllib3\connectionpool.py", line 536, in _make_request
    self._raise_timeout(err=e, url=url, timeout_value=read_timeout)
    ~~~~~~~~~~~~~~~~~~~^^^^^^^^^^^^^^^^^^^^^^^^^^^^^^^^^^^^^^^^^^^^
  File "D:\Anaconda\Lib\site-packages\urllib3\connectionpool.py", line 367, in _raise_timeout
    raise ReadTimeoutError(
        self, url, f"Read timed out. (read timeout={timeout_value})"
    ) from err
urllib3.exceptions.ReadTimeoutError: HTTPConnectionPool(host='localhost', port=8000): Read timed out. (read timeout=240)

During handling of the above exception, another exception occurred:

Traceback (most recent call last):
  File "D:\大模型基础到前沿\小组项目相关\final_version\ai_project02(6)\ai_project02\GUI\gradio_gui.py", line 51, in generate_travel_plan
    response = requests.post(
        API_URL,
        json=request_data,
        timeout=240
    )
  File "D:\Anaconda\Lib\site-packages\requests\api.py", line 115, in post
    return request("post", url, data=data, json=json, **kwargs)
  File "D:\Anaconda\Lib\site-packages\requests\api.py", line 59, in request
    return session.request(method=method, url=url, **kwargs)
           ~~~~~~~~~~~~~~~^^^^^^^^^^^^^^^^^^^^^^^^^^^^^^^^^^
  File "D:\Anaconda\Lib\site-packages\requests\sessions.py", line 589, in request
    resp = self.send(prep, **send_kwargs)
  File "D:\Anaconda\Lib\site-packages\requests\sessions.py", line 703, in send
    r = adapter.send(request, **kwargs)
  File "D:\Anaconda\Lib\site-packages\requests\adapters.py", line 713, in send
    raise ReadTimeout(e, request=request)
requests.exceptions.ReadTimeout: HTTPConnectionPool(host='localhost', port=8000): Read timed out. (read timeout=240)
2025-07-11 22:41:05,847 - root - INFO - 服务已在 http://0.0.0.0:7860 启动
2025-07-16 13:32:31,935 - root - INFO - 正在启动Gradio服务...
2025-07-16 13:32:34,248 - httpx - INFO - HTTP Request: GET https://api.gradio.app/pkg-version "HTTP/1.1 200 OK"
2025-07-16 13:32:34,573 - httpx - INFO - HTTP Request: GET http://localhost:7860/gradio_api/startup-events "HTTP/1.1 200 OK"
2025-07-16 13:32:36,632 - httpx - INFO - HTTP Request: HEAD http://localhost:7860/ "HTTP/1.1 200 OK"
2025-07-16 13:32:55,488 - travel_planner_gui - INFO - 生成计划: 东京, 3天, 兴趣: , 预算: 豪华型, 出发日期: 2025-07-16
2025-07-16 13:32:55,490 - travel_planner_gui - INFO - 景点搜索: 启用, 数量: 7
2025-07-16 13:35:57,876 - travel_planner_gui - INFO - 成功收到旅行计划
2025-07-16 13:38:09,306 - root - INFO - 服务已在 http://0.0.0.0:7860 启动
2025-07-26 20:20:08,209 - root - INFO - 正在启动Gradio服务...
2025-07-26 20:20:09,150 - httpx - INFO - HTTP Request: GET https://api.gradio.app/pkg-version "HTTP/1.1 200 OK"
2025-07-26 20:20:10,595 - httpx - INFO - HTTP Request: GET http://localhost:7860/gradio_api/startup-events "HTTP/1.1 200 OK"
2025-07-26 20:20:12,669 - httpx - INFO - HTTP Request: HEAD http://localhost:7860/ "HTTP/1.1 200 OK"
2025-07-26 20:20:43,011 - travel_planner_gui - INFO - 生成计划: 上海, 3天, 兴趣: 购物商场, 预算: 舒适型, 出发日期: 2025-07-26
2025-07-26 20:20:43,012 - travel_planner_gui - INFO - 景点搜索: 启用, 数量: 8
2025-07-26 20:21:55,703 - travel_planner_gui - INFO - 成功收到旅行计划
2025-07-26 20:26:59,927 - root - INFO - 服务已在 http://0.0.0.0:7860 启动
2025-07-26 20:27:14,467 - root - INFO - 正在启动Gradio服务...
2025-07-26 20:27:15,296 - httpx - INFO - HTTP Request: GET https://api.gradio.app/pkg-version "HTTP/1.1 200 OK"
2025-07-26 20:27:16,857 - httpx - INFO - HTTP Request: GET http://localhost:7860/gradio_api/startup-events "HTTP/1.1 200 OK"
2025-07-26 20:27:18,917 - httpx - INFO - HTTP Request: HEAD http://localhost:7860/ "HTTP/1.1 200 OK"
2025-07-26 20:28:14,374 - travel_planner_gui - INFO - 生成计划: 上海, 4天, 兴趣: 我希望行程中要有购物商场类景点，并包括当地的特色美食。, 预算: 舒适型, 出发日期: 2025-07-29
2025-07-26 20:28:14,374 - travel_planner_gui - INFO - 景点搜索: 启用, 数量: 8
2025-07-26 20:29:22,939 - travel_planner_gui - INFO - 成功收到旅行计划
2025-07-26 22:28:05,562 - travel_planner_gui - INFO - 生成计划: 纽约, 3天, 兴趣: 需要包括纽约时代广场, 预算: 经济型, 出发日期: 2025-07-26
2025-07-26 22:28:05,562 - travel_planner_gui - INFO - 景点搜索: 启用, 数量: 7
2025-07-26 22:29:46,130 - travel_planner_gui - INFO - 成功收到旅行计划
2025-07-26 22:54:57,537 - root - INFO - 服务已在 http://0.0.0.0:7860 启动
